[anchor=Top][/anchor][box][align=center][background-block=#0080c4]
[font=Avenir, Segoe UI, sans-serif][size=120][background=#019aed][color=#019aed]—[/color][raw_url=test1][color=#fff][b]Test1[/b][/color][/raw_url][color=#019aed]—[/color][/background] [color=#0080c4]—[/color][raw_url=test2][color=#fff][b]Test2[/b][/color][/raw_url][color=#0080c4]—[/color] [/size][/font][/background-block]
[background-block=#019aed][color=#019aed]·[/color]
[img]test[/img]
[color=#019aed]·[/color][/background-block]
[background-block=#0080c4][color=#0080c4]·[/color]
[color=#0080c4]·[/color]
[/background-block][/align][/box]
