[anchor=Top][/anchor][box][align=center][background-block=#0080c4]
[font=Avenir, Segoe UI, sans-serif][size=120][/size][/font][/background-block]
[background-block=#109aed][color=#109aed]路[/color]
[img]test[/img]
[color=#109aed]路[/color][/background-block]
[background-block=#0080c4][color=#0080c4]路[/color]
[color=#0080c4]路[/color]
[/background-block][/align][/box]
